../Core/Src/main.c:80:6:HAL_CAN_RxFifo0MsgPendingCallback	16	static
../Core/Src/main.c:121:5:main	104	static
../Core/Src/main.c:356:6:SystemClock_Config	88	static
../Core/Src/main.c:403:13:MX_CAN2_Init	48	static
../Core/Src/main.c:466:13:MX_TIM1_Init	96	static
../Core/Src/main.c:541:13:MX_TIM13_Init	8	static
../Core/Src/main.c:572:13:MX_TIM14_Init	8	static
../Core/Src/main.c:603:13:MX_USART1_UART_Init	8	static
../Core/Src/main.c:636:13:MX_GPIO_Init	48	static
../Core/Src/main.c:713:6:HAL_UART_RxCpltCallback	16	static
../Core/Src/main.c:730:6:HAL_GPIO_EXTI_Callback	24	static
../Core/Src/main.c:792:6:HAL_TIM_PeriodElapsedCallback	16	static
../Core/Src/main.c:837:6:DisplayPort	16	static
../Core/Src/main.c:855:6:Error_Handler	4	static,ignoring_inline_asm
