../Core/Src/main.c:79:6:HAL_CAN_RxFifo0MsgPendingCallback	16	static
../Core/Src/main.c:119:5:main	88	static
../Core/Src/main.c:324:6:SystemClock_Config	88	static
../Core/Src/main.c:371:13:MX_CAN2_Init	48	static
../Core/Src/main.c:434:13:MX_TIM13_Init	8	static
../Core/Src/main.c:465:13:MX_TIM14_Init	8	static
../Core/Src/main.c:496:13:MX_USART1_UART_Init	8	static
../Core/Src/main.c:529:13:MX_GPIO_Init	48	static
../Core/Src/main.c:606:6:HAL_UART_RxCpltCallback	16	static
../Core/Src/main.c:623:6:HAL_GPIO_EXTI_Callback	24	static
../Core/Src/main.c:685:6:HAL_TIM_PeriodElapsedCallback	16	static
../Core/Src/main.c:730:6:DisplayPort	16	static
../Core/Src/main.c:748:6:Error_Handler	4	static,ignoring_inline_asm
